// Jest Snapshot v1, https://goo.gl/fbAQLP

exports[`TextareaField component render correctly with default props 1`] = `
<div>
  <div
    class="chakra-form-control css-zol2i8"
    role="group"
  >
    <div
      class="css-h38yef"
    >
      <div
        class="css-jes1ca"
      >
        <svg
          aria-hidden="true"
          class="chakra-icon css-y0hwlo"
          fill="currentColor"
          focusable="false"
          height="1em"
          stroke="currentColor"
          stroke-width="0"
          viewBox="0 0 20 20"
          width="1em"
          xmlns="http://www.w3.org/2000/svg"
        >
          <path
            d="m2.695 14.762-1.262 3.155a.5.5 0 0 0 .65.65l3.155-1.262a4 4 0 0 0 1.343-.886L17.5 5.501a2.121 2.121 0 0 0-3-3L3.58 13.419a4 4 0 0 0-.885 1.343Z"
          />
        </svg>
        <label
          class="chakra-form__label css-1jv67cy"
          for="field-:r0:"
          id="field-:r0:-label"
        >
          Description
        </label>
      </div>
      <div
        class="css-1rr4qq7"
      >
        <textarea
          class="chakra-textarea css-0"
          id="field-:r0:"
          name="description"
          placeholder="Description"
        />
      </div>
    </div>
  </div>
</div>
`;
