// Jest Snapshot v1, https://goo.gl/fbAQLP

exports[`InternalServerError Page should render correctly 1`] = `
{
  "asFragment": [Function],
  "baseElement": <body>
    <div>
      <div
        class="css-1j38vg2"
      >
        <div
          class="css-xi606m"
        >
          <h1
            class="chakra-heading css-1am5goc"
          >
            500 Internal Server Error
          </h1>
          <p
            class="chakra-text css-1fu8yun"
          >
            Sorry, something went wrong. :(
          </p>
          <a
            class="chakra-button css-xqsa59"
            href="/"
          >
            Back to Dashboard
          </a>
        </div>
      </div>
    </div>
  </body>,
  "container": <div>
    <div
      class="css-1j38vg2"
    >
      <div
        class="css-xi606m"
      >
        <h1
          class="chakra-heading css-1am5goc"
        >
          500 Internal Server Error
        </h1>
        <p
          class="chakra-text css-1fu8yun"
        >
          Sorry, something went wrong. :(
        </p>
        <a
          class="chakra-button css-xqsa59"
          href="/"
        >
          Back to Dashboard
        </a>
      </div>
    </div>
  </div>,
  "debug": [Function],
  "findAllByAltText": [Function],
  "findAllByDisplayValue": [Function],
  "findAllByLabelText": [Function],
  "findAllByPlaceholderText": [Function],
  "findAllByRole": [Function],
  "findAllByTestId": [Function],
  "findAllByText": [Function],
  "findAllByTitle": [Function],
  "findByAltText": [Function],
  "findByDisplayValue": [Function],
  "findByLabelText": [Function],
  "findByPlaceholderText": [Function],
  "findByRole": [Function],
  "findByTestId": [Function],
  "findByText": [Function],
  "findByTitle": [Function],
  "getAllByAltText": [Function],
  "getAllByDisplayValue": [Function],
  "getAllByLabelText": [Function],
  "getAllByPlaceholderText": [Function],
  "getAllByRole": [Function],
  "getAllByTestId": [Function],
  "getAllByText": [Function],
  "getAllByTitle": [Function],
  "getByAltText": [Function],
  "getByDisplayValue": [Function],
  "getByLabelText": [Function],
  "getByPlaceholderText": [Function],
  "getByRole": [Function],
  "getByTestId": [Function],
  "getByText": [Function],
  "getByTitle": [Function],
  "queryAllByAltText": [Function],
  "queryAllByDisplayValue": [Function],
  "queryAllByLabelText": [Function],
  "queryAllByPlaceholderText": [Function],
  "queryAllByRole": [Function],
  "queryAllByTestId": [Function],
  "queryAllByText": [Function],
  "queryAllByTitle": [Function],
  "queryByAltText": [Function],
  "queryByDisplayValue": [Function],
  "queryByLabelText": [Function],
  "queryByPlaceholderText": [Function],
  "queryByRole": [Function],
  "queryByTestId": [Function],
  "queryByText": [Function],
  "queryByTitle": [Function],
  "rerender": [Function],
  "unmount": [Function],
}
`;
