// Jest Snapshot v1, https://goo.gl/fbAQLP

exports[`CardSummary component should match snapshot 1`] = `
<DocumentFragment>
  <div
    class="css-si9sfu"
  >
    <div
      class="css-1plht7o"
    >
      <div
        class="css-0"
      >
        <span>
          icon
        </span>
      </div>
      <div
        class="css-hlrfxo"
      >
        <div
          class="css-0"
        >
          <p
            class="chakra-text css-ampera"
          >
            Top Users
          </p>
          <p
            class="chakra-text css-1kfsxnu"
          >
            250
          </p>
        </div>
        <svg
          class="chakra-icon css-1rgvbqi"
          fill="currentColor"
          focusable="false"
          height="1em"
          stroke="currentColor"
          stroke-width="0"
          width="1em"
          xmlns="http://www.w3.org/2000/svg"
        >
          <path
            clip-rule="evenodd"
            d="M7.444 13.832a1 1 0 1 0 1.111-1.663 1 1 0 0 0-1.11 1.662zM8 9a1 1 0 1 1 0-2 1 1 0 0 1 0 2zm0-5a1 1 0 1 1 0-2 1 1 0 0 1 0 2z"
            fill-rule="evenodd"
          />
        </svg>
      </div>
    </div>
  </div>
</DocumentFragment>
`;
