// Jest Snapshot v1, https://goo.gl/fbAQLP

exports[`Table Component should match snapshot 1`] = `
<div>
  <div
    class="chakra-table__container css-zvwuj9"
  >
    <div
      class="css-h6v4s3"
    >
      <header
        class="chakra-text css-oerhs"
      >
        All Users
      </header>
    </div>
    <table
      class="chakra-table css-0"
    >
      <thead
        class="css-0"
      >
        <tr
          class="css-0"
        >
          <th
            class="css-zgnwis"
          >
            <div
              class="css-k008qs"
            >
              <label
                class="chakra-checkbox css-1elxtiq"
              >
                <input
                  aria-label="Checkbox Indeterminate"
                  class="chakra-checkbox__input"
                  style="border: 0px; clip: rect(0px, 0px, 0px, 0px); height: 1px; width: 1px; margin: -1px; padding: 0px; overflow: hidden; white-space: nowrap; position: absolute;"
                  type="checkbox"
                  value=""
                />
                <span
                  aria-hidden="true"
                  class="chakra-checkbox__control css-dnty2r"
                />
              </label>
            </div>
          </th>
          <th
            class="css-ykdcwi"
          >
            <div
              class="css-1qofolz"
            >
              <svg
                class="chakra-icon css-1baa01z"
                fill="currentColor"
                focusable="false"
                height="1em"
                stroke="currentColor"
                stroke-width="0"
                viewBox="0 0 448 512"
                width="1em"
                xmlns="http://www.w3.org/2000/svg"
              >
                <path
                  d="M224 256c70.7 0 128-57.3 128-128S294.7 0 224 0 96 57.3 96 128s57.3 128 128 128zm89.6 32h-16.7c-22.2 10.2-46.9 16-72.9 16s-50.6-5.8-72.9-16h-16.7C60.2 288 0 348.2 0 422.4V464c0 26.5 21.5 48 48 48h352c26.5 0 48-21.5 48-48v-41.6c0-74.2-60.2-134.4-134.4-134.4z"
                />
              </svg>
              <p
                class="chakra-text css-qrr9p8"
                title="Name"
              >
                Name
              </p>
            </div>
          </th>
          <th
            class="css-ykdcwi"
          >
            <div
              class="css-1qofolz"
            >
              <svg
                class="chakra-icon css-1baa01z"
                fill="currentColor"
                focusable="false"
                height="1em"
                stroke="currentColor"
                stroke-width="0"
                viewBox="0 0 512 512"
                width="1em"
                xmlns="http://www.w3.org/2000/svg"
              >
                <path
                  d="M497.39 361.8l-112-48a24 24 0 0 0-28 6.9l-49.6 60.6A370.66 370.66 0 0 1 130.6 204.11l60.6-49.6a23.94 23.94 0 0 0 6.9-28l-48-112A24.16 24.16 0 0 0 122.6.61l-104 24A24 24 0 0 0 0 48c0 256.5 207.9 464 464 464a24 24 0 0 0 23.4-18.6l24-104a24.29 24.29 0 0 0-14.01-27.6z"
                />
              </svg>
              <p
                class="chakra-text css-qrr9p8"
                title="Phone"
              >
                Phone
              </p>
            </div>
          </th>
          <th
            class="css-ykdcwi"
          >
            <div
              class="css-1qofolz"
            >
              <svg
                aria-hidden="true"
                class="chakra-icon css-1baa01z"
                fill="currentColor"
                focusable="false"
                height="1em"
                stroke="currentColor"
                stroke-width="0"
                viewBox="0 0 24 24"
                width="1em"
                xmlns="http://www.w3.org/2000/svg"
              >
                <path
                  clip-rule="evenodd"
                  d="m11.54 22.351.07.04.028.016a.76.76 0 0 0 .723 0l.028-.015.071-.041a16.975 16.975 0 0 0 1.144-.742 19.58 19.58 0 0 0 2.683-2.282c1.944-1.99 3.963-4.98 3.963-8.827a8.25 8.25 0 0 0-16.5 0c0 3.846 2.02 6.837 3.963 8.827a19.58 19.58 0 0 0 2.682 2.282 16.975 16.975 0 0 0 1.145.742ZM12 13.5a3 3 0 1 0 0-6 3 3 0 0 0 0 6Z"
                  fill-rule="evenodd"
                />
              </svg>
              <p
                class="chakra-text css-qrr9p8"
                title="Location"
              >
                Location
              </p>
            </div>
          </th>
          <th
            class="css-ykdcwi"
          >
            <div
              class="css-1qofolz"
            >
              <svg
                class="chakra-icon css-1baa01z"
                fill="currentColor"
                focusable="false"
                height="1em"
                stroke="currentColor"
                stroke-width="0"
                viewBox="0 0 512 512"
                width="1em"
                xmlns="http://www.w3.org/2000/svg"
              >
                <path
                  d="M372 160v-12A116.13 116.13 0 0 0 258.89 32h-5.78A116.13 116.13 0 0 0 140 148v12H52a4 4 0 0 0-4 4v300a16 16 0 0 0 16 16h384a16 16 0 0 0 16-16V164a4 4 0 0 0-4-4zm-40 0H180v-11c0-41.84 33.41-76.56 75.25-77A76.08 76.08 0 0 1 332 148z"
                />
              </svg>
              <p
                class="chakra-text css-qrr9p8"
                title="Company"
              >
                Company
              </p>
            </div>
          </th>
          <th
            class="css-ykdcwi"
          >
            <div
              class="css-1qofolz"
            >
              <svg
                class="chakra-icon css-1baa01z"
                fill="currentColor"
                focusable="false"
                height="1em"
                stroke="currentColor"
                stroke-width="0"
                viewBox="0 0 256 256"
                width="1em"
                xmlns="http://www.w3.org/2000/svg"
              >
                <path
                  d="M208,32H48A16,16,0,0,0,32,48V208a16,16,0,0,0,16,16H208a16,16,0,0,0,16-16V48A16,16,0,0,0,208,32Zm-34.34,77.66-56,56a8,8,0,0,1-11.32,0l-24-24a8,8,0,0,1,11.32-11.32L112,148.69l50.34-50.35a8,8,0,0,1,11.32,11.32Z"
                />
              </svg>
              <p
                class="chakra-text css-qrr9p8"
                title="Status"
              >
                Status
              </p>
            </div>
          </th>
          <th
            class="css-ykdcwi"
          >
            <div
              class="css-1qofolz"
            >
              <p
                class="chakra-text css-qrr9p8"
              />
            </div>
          </th>
        </tr>
      </thead>
      <tbody
        class="css-0"
      >
        <tr
          class="css-0"
        >
          <td
            class="css-zgnwis"
          >
            <div
              class="css-k008qs"
            >
              <label
                class="chakra-checkbox css-1elxtiq"
                data-testid="row-checkbox"
              >
                <input
                  aria-label="Checkbox 1"
                  class="chakra-checkbox__input"
                  style="border: 0px; clip: rect(0px, 0px, 0px, 0px); height: 1px; width: 1px; margin: -1px; padding: 0px; overflow: hidden; white-space: nowrap; position: absolute;"
                  type="checkbox"
                  value=""
                />
                <span
                  aria-hidden="true"
                  class="chakra-checkbox__control css-dnty2r"
                />
              </label>
            </div>
          </td>
          <td
            class="css-1cthrm"
          >
            <div
              class="css-felsgu"
            >
              <span
                class="chakra-avatar css-1ruhx4w"
              >
                <div
                  aria-label="John Doe"
                  class="chakra-avatar__initials css-0"
                  role="img"
                >
                  JD
                </div>
              </span>
              <div
                class="css-0"
              >
                <p
                  class="chakra-text css-m3mw4z"
                >
                  John Doe
                </p>
                <p
                  class="chakra-text css-1np5o4d"
                />
              </div>
            </div>
          </td>
          <td
            class="css-1cthrm"
          >
            123-456-7890
          </td>
          <td
            class="css-1cthrm"
          >
            New York, NY
          </td>
          <td
            class="css-1cthrm"
          >
            ABC Company
          </td>
          <td
            class="css-1cthrm"
          >
            <div
              class="css-1i6zq7o"
            >
              <svg
                fill="none"
                height="4"
                viewBox="0 0 4 4"
                width="4"
              >
                <circle
                  cx="2.4375"
                  cy="1.59375"
                  fill="#05C168"
                  r="1.5"
                />
              </svg>
              <p
                class="chakra-text css-1k5z805"
              >
                Online
              </p>
            </div>
          </td>
          <td
            class="css-1cthrm"
          >
            <div
              class="css-147dy5z"
            >
              <button
                aria-label="Edit"
                class="chakra-button css-50f1ws"
                data-testid="edit-button"
                type="button"
              >
                <svg
                  aria-hidden="true"
                  fill="currentColor"
                  focusable="false"
                  height="1em"
                  stroke="currentColor"
                  stroke-width="0"
                  viewBox="0 0 20 20"
                  width="1em"
                  xmlns="http://www.w3.org/2000/svg"
                >
                  <path
                    d="m2.695 14.762-1.262 3.155a.5.5 0 0 0 .65.65l3.155-1.262a4 4 0 0 0 1.343-.886L17.5 5.501a2.121 2.121 0 0 0-3-3L3.58 13.419a4 4 0 0 0-.885 1.343Z"
                  />
                </svg>
              </button>
              <button
                aria-label="Delete"
                class="chakra-button css-50f1ws"
                type="button"
              >
                <svg
                  aria-hidden="true"
                  fill="currentColor"
                  focusable="false"
                  height="1em"
                  stroke="currentColor"
                  stroke-width="0"
                  viewBox="0 0 24 24"
                  width="1em"
                  xmlns="http://www.w3.org/2000/svg"
                >
                  <path
                    d="M7 6V3C7 2.44772 7.44772 2 8 2H16C16.5523 2 17 2.44772 17 3V6H22V8H20V21C20 21.5523 19.5523 22 19 22H5C4.44772 22 4 21.5523 4 21V8H2V6H7ZM9 4V6H15V4H9Z"
                  />
                </svg>
              </button>
            </div>
          </td>
        </tr>
        <tr
          class="css-0"
        >
          <td
            class="css-zgnwis"
          >
            <div
              class="css-k008qs"
            >
              <label
                class="chakra-checkbox css-1elxtiq"
                data-testid="row-checkbox"
              >
                <input
                  aria-label="Checkbox 2"
                  class="chakra-checkbox__input"
                  style="border: 0px; clip: rect(0px, 0px, 0px, 0px); height: 1px; width: 1px; margin: -1px; padding: 0px; overflow: hidden; white-space: nowrap; position: absolute;"
                  type="checkbox"
                  value=""
                />
                <span
                  aria-hidden="true"
                  class="chakra-checkbox__control css-dnty2r"
                />
              </label>
            </div>
          </td>
          <td
            class="css-1cthrm"
          >
            <div
              class="css-felsgu"
            >
              <span
                class="chakra-avatar css-1ruhx4w"
              >
                <div
                  aria-label="Jane Doe"
                  class="chakra-avatar__initials css-0"
                  role="img"
                >
                  JD
                </div>
              </span>
              <div
                class="css-0"
              >
                <p
                  class="chakra-text css-m3mw4z"
                >
                  Jane Doe
                </p>
                <p
                  class="chakra-text css-1np5o4d"
                />
              </div>
            </div>
          </td>
          <td
            class="css-1cthrm"
          >
            987-654-3210
          </td>
          <td
            class="css-1cthrm"
          >
            Los Angeles, CA
          </td>
          <td
            class="css-1cthrm"
          >
            XYZ Company
          </td>
          <td
            class="css-1cthrm"
          >
            <div
              class="css-x8nfwg"
            >
              <svg
                fill="none"
                height="4"
                viewBox="0 0 4 4"
                width="4"
              >
                <circle
                  cx="2.4375"
                  cy="1.59375"
                  fill="#AEB9E1"
                  r="1.5"
                />
              </svg>
              <p
                class="chakra-text css-d1xskd"
              >
                Offline
              </p>
            </div>
          </td>
          <td
            class="css-1cthrm"
          >
            <div
              class="css-147dy5z"
            >
              <button
                aria-label="Edit"
                class="chakra-button css-50f1ws"
                data-testid="edit-button"
                type="button"
              >
                <svg
                  aria-hidden="true"
                  fill="currentColor"
                  focusable="false"
                  height="1em"
                  stroke="currentColor"
                  stroke-width="0"
                  viewBox="0 0 20 20"
                  width="1em"
                  xmlns="http://www.w3.org/2000/svg"
                >
                  <path
                    d="m2.695 14.762-1.262 3.155a.5.5 0 0 0 .65.65l3.155-1.262a4 4 0 0 0 1.343-.886L17.5 5.501a2.121 2.121 0 0 0-3-3L3.58 13.419a4 4 0 0 0-.885 1.343Z"
                  />
                </svg>
              </button>
              <button
                aria-label="Delete"
                class="chakra-button css-50f1ws"
                type="button"
              >
                <svg
                  aria-hidden="true"
                  fill="currentColor"
                  focusable="false"
                  height="1em"
                  stroke="currentColor"
                  stroke-width="0"
                  viewBox="0 0 24 24"
                  width="1em"
                  xmlns="http://www.w3.org/2000/svg"
                >
                  <path
                    d="M7 6V3C7 2.44772 7.44772 2 8 2H16C16.5523 2 17 2.44772 17 3V6H22V8H20V21C20 21.5523 19.5523 22 19 22H5C4.44772 22 4 21.5523 4 21V8H2V6H7ZM9 4V6H15V4H9Z"
                  />
                </svg>
              </button>
            </div>
          </td>
        </tr>
      </tbody>
    </table>
  </div>
</div>
`;
