// Jest Snapshot v1, https://goo.gl/fbAQLP

exports[`AppLayout should match snapshot 1`] = `
<DocumentFragment>
  <div
    data-testid="main-layout"
  />
</DocumentFragment>
`;
