// Jest Snapshot v1, https://goo.gl/fbAQLP

exports[`NotFound Page should match snapshot 1`] = `
{
  "asFragment": [Function],
  "baseElement": <body>
    <div>
      <div
        class="css-1cep16p"
      >
        <div
          class="css-1qeudbc"
        >
          <p
            class="chakra-text css-wwpj2t"
          >
            Oops! Page not found
          </p>
          <p
            class="chakra-text css-1e64q2d"
          >
            The page you are looking for might have been removed or temporarily unavailable.
          </p>
          <a
            class="chakra-button css-xqsa59"
            href="/"
          >
            Back to Dashboard
          </a>
        </div>
      </div>
    </div>
  </body>,
  "container": <div>
    <div
      class="css-1cep16p"
    >
      <div
        class="css-1qeudbc"
      >
        <p
          class="chakra-text css-wwpj2t"
        >
          Oops! Page not found
        </p>
        <p
          class="chakra-text css-1e64q2d"
        >
          The page you are looking for might have been removed or temporarily unavailable.
        </p>
        <a
          class="chakra-button css-xqsa59"
          href="/"
        >
          Back to Dashboard
        </a>
      </div>
    </div>
  </div>,
  "debug": [Function],
  "findAllByAltText": [Function],
  "findAllByDisplayValue": [Function],
  "findAllByLabelText": [Function],
  "findAllByPlaceholderText": [Function],
  "findAllByRole": [Function],
  "findAllByTestId": [Function],
  "findAllByText": [Function],
  "findAllByTitle": [Function],
  "findByAltText": [Function],
  "findByDisplayValue": [Function],
  "findByLabelText": [Function],
  "findByPlaceholderText": [Function],
  "findByRole": [Function],
  "findByTestId": [Function],
  "findByText": [Function],
  "findByTitle": [Function],
  "getAllByAltText": [Function],
  "getAllByDisplayValue": [Function],
  "getAllByLabelText": [Function],
  "getAllByPlaceholderText": [Function],
  "getAllByRole": [Function],
  "getAllByTestId": [Function],
  "getAllByText": [Function],
  "getAllByTitle": [Function],
  "getByAltText": [Function],
  "getByDisplayValue": [Function],
  "getByLabelText": [Function],
  "getByPlaceholderText": [Function],
  "getByRole": [Function],
  "getByTestId": [Function],
  "getByText": [Function],
  "getByTitle": [Function],
  "queryAllByAltText": [Function],
  "queryAllByDisplayValue": [Function],
  "queryAllByLabelText": [Function],
  "queryAllByPlaceholderText": [Function],
  "queryAllByRole": [Function],
  "queryAllByTestId": [Function],
  "queryAllByText": [Function],
  "queryAllByTitle": [Function],
  "queryByAltText": [Function],
  "queryByDisplayValue": [Function],
  "queryByLabelText": [Function],
  "queryByPlaceholderText": [Function],
  "queryByRole": [Function],
  "queryByTestId": [Function],
  "queryByText": [Function],
  "queryByTitle": [Function],
  "rerender": [Function],
  "unmount": [Function],
}
`;
